[ 5469682ms] [LOG] ✓ Updated with fresh quotes @ http://localhost:5183/src/app/App.tsx:144
[ 5469682ms] [LOG] 📊 PortfolioSummary - Best/Worst Performers: @ http://localhost:5183/src/app/components/PortfolioSummary.tsx:81
[ 5469682ms] [LOG]   ✅ Best: Semiconductor - 2.57% @ http://localhost:5183/src/app/components/PortfolioSummary.tsx:83
[ 5469682ms] [LOG]      Current quote: 91.46, Snapshot: 89.17 @ http://localhost:5183/src/app/components/PortfolioSummary.tsx:84
[ 5469682ms] [LOG]   ⬇️ Worst: Banks Euro - -0.99% @ http://localhost:5183/src/app/components/PortfolioSummary.tsx:87
[ 5469682ms] [LOG]      Current quote: 398.5, Snapshot: 402.5 @ http://localhost:5183/src/app/components/PortfolioSummary.tsx:88
[ 5469683ms] [LOG] 🔍 Daily % calculation for LU1829219390: @ http://localhost:5183/src/app/components/PackagesTable.tsx:39
[ 5469683ms] [LOG]   Snapshot quote: 402.5 @ http://localhost:5183/src/app/components/PackagesTable.tsx:40
[ 5469683ms] [LOG]   Latest quote: 398.5 @ http://localhost:5183/src/app/components/PackagesTable.tsx:41
[ 5469683ms] [LOG]   Quantity: 13 @ http://localhost:5183/src/app/components/PackagesTable.tsx:42
[ 5469683ms] [LOG]   Yesterday value: 5232.5 @ http://localhost:5183/src/app/components/PackagesTable.tsx:43
[ 5469684ms] [LOG]   Current value: 5180.5 @ http://localhost:5183/src/app/components/PackagesTable.tsx:44
[ 5469684ms] [LOG]   Daily %: -0.99% @ http://localhost:5183/src/app/components/PackagesTable.tsx:45
[ 5469684ms] [LOG]   API dtdPrc (fallback): -0.99 @ http://localhost:5183/src/app/components/PackagesTable.tsx:46
[ 5469684ms] [LOG] 🔍 Daily % calculation for LU1829219390: @ http://localhost:5183/src/app/components/PackagesTable.tsx:39
[ 5469684ms] [LOG]   Snapshot quote: 402.5 @ http://localhost:5183/src/app/components/PackagesTable.tsx:40
[ 5469684ms] [LOG]   Latest quote: 398.5 @ http://localhost:5183/src/app/components/PackagesTable.tsx:41
[ 5469684ms] [LOG]   Quantity: 6 @ http://localhost:5183/src/app/components/PackagesTable.tsx:42
[ 5469684ms] [LOG]   Yesterday value: 2415 @ http://localhost:5183/src/app/components/PackagesTable.tsx:43
[ 5469684ms] [LOG]   Current value: 2391 @ http://localhost:5183/src/app/components/PackagesTable.tsx:44
[ 5469684ms] [LOG]   Daily %: -0.99% @ http://localhost:5183/src/app/components/PackagesTable.tsx:45
[ 5469684ms] [LOG]   API dtdPrc (fallback): -0.99 @ http://localhost:5183/src/app/components/PackagesTable.tsx:46
